org\hikarii\customrecipes\recipe\CraftEvents$SoundEvent.class
org\hikarii\customrecipes\gui\EnchantmentSelectorGUI.class
org\hikarii\customrecipes\gui\PermissionsSettingsGUI.class
org\hikarii\customrecipes\util\ParticleVersionAdapter.class
org\hikarii\customrecipes\gui\WorldSettingsGUI$1.class
org\hikarii\customrecipes\gui\RecipeListGUI.class
org\hikarii\customrecipes\gui\GUIBase.class
org\hikarii\customrecipes\gui\SoundAdjustGUI.class
org\hikarii\customrecipes\recipe\data\FurnaceRecipeData$1.class
org\hikarii\customrecipes\recipe\CraftEventPreset$RecipeScope.class
org\hikarii\customrecipes\recipe\data\FurnaceRecipeData.class
org\hikarii\customrecipes\gui\CraftEventPresetSelectorGUI.class
org\hikarii\customrecipes\recipe\data\IngredientMatcher.class
org\hikarii\customrecipes\listener\RecipeDiscoverListener.class
org\hikarii\customrecipes\gui\FlagsSelectorGUI$FlagInfo.class
org\hikarii\customrecipes\gui\StationSelectorGUI$RecipeStation.class
org\hikarii\customrecipes\config\ConfigMigration.class
org\hikarii\customrecipes\version\MaterialValidator.class
org\hikarii\customrecipes\version\MaterialValidator$ValidationResult.class
org\hikarii\customrecipes\update\UpdateSource.class
org\hikarii\customrecipes\recipe\data\FurnaceRecipeData$CustomFuel.class
org\hikarii\customrecipes\recipe\vanilla\VanillaRecipeInfo$RecipeCategory.class
org\hikarii\customrecipes\gui\RecipeEditorGUI.class
org\hikarii\customrecipes\util\MessageUtil.class
org\hikarii\customrecipes\recipe\RecipeConditions.class
org\hikarii\customrecipes\gui\RecipeManagementGUI$1.class
org\hikarii\customrecipes\listener\FurnaceFuelListener.class
org\hikarii\customrecipes\config\RecipeStateTracker.class
org\hikarii\customrecipes\gui\RecipeViewerGUI.class
org\hikarii\customrecipes\data\PlayerFavoritesManager.class
org\hikarii\customrecipes\gui\WorldSettingsGUI.class
org\hikarii\customrecipes\recipe\data\RandomResult.class
org\hikarii\customrecipes\gui\PlayerRecipeListGUI$StationFilter.class
org\hikarii\customrecipes\config\RecipeConfigLoader.class
org\hikarii\customrecipes\recipe\vanilla\IngredientChoice.class
org\hikarii\customrecipes\util\MaterialVersionAdapter.class
org\hikarii\customrecipes\gui\RecipeManagementGUI.class
org\hikarii\customrecipes\recipe\CraftEventPreset$ParticleEvent.class
org\hikarii\customrecipes\recipe\RecipeType.class
org\hikarii\customrecipes\gui\VanillaRecipeEditorGUI.class
org\hikarii\customrecipes\listener\VanillaRecipeBlockListener.class
org\hikarii\customrecipes\listener\VanillaRecipeSyncListener.class
org\hikarii\customrecipes\util\ItemStackSerializer.class
org\hikarii\customrecipes\command\CustomRecipesCommand$SubCommand.class
org\hikarii\customrecipes\gui\FurnaceConditionsGUI$FurnaceConditionsCallback.class
org\hikarii\customrecipes\recipe\CraftEvents$ParticleEvent.class
org\hikarii\customrecipes\CustomRecipes.class
org\hikarii\customrecipes\recipe\RecipeManager.class
org\hikarii\customrecipes\recipe\data\RandomResultPool.class
org\hikarii\customrecipes\gui\LanguageSelectionGUI.class
org\hikarii\customrecipes\listener\FurnaceFuelListener$1.class
org\hikarii\customrecipes\recipe\CustomRecipe.class
org\hikarii\customrecipes\recipe\RecipeDataManager.class
org\hikarii\customrecipes\config\DefaultRecipesManager.class
org\hikarii\customrecipes\recipe\data\RecipeIngredient.class
org\hikarii\customrecipes\integration\VaultIntegration.class
org\hikarii\customrecipes\recipe\vanilla\VanillaRecipesMigration.class
org\hikarii\customrecipes\gui\ParticleSelectorGUI.class
org\hikarii\customrecipes\gui\ParticleAdjustGUI.class
org\hikarii\customrecipes\gui\SoundSelectorGUI$SoundCategory.class
org\hikarii\customrecipes\recipe\CraftEventPreset$CommandEvent.class
org\hikarii\customrecipes\gui\SettingsGUI.class
org\hikarii\customrecipes\version\VersionManager$MinecraftVersion.class
org\hikarii\customrecipes\gui\ItemEditorGUI.class
org\hikarii\customrecipes\gui\ItemEditorGUI$EditMode.class
org\hikarii\customrecipes\recipe\data\ShapedRecipeData.class
org\hikarii\customrecipes\update\UpdateChecker.class
org\hikarii\customrecipes\config\ConfigRewriter.class
org\hikarii\customrecipes\recipe\RecipeWorldManager$1.class
org\hikarii\customrecipes\recipe\CraftEvents.class
org\hikarii\customrecipes\gui\ConditionsEditorGUI.class
org\hikarii\customrecipes\config\MigrationVersions.class
org\hikarii\customrecipes\recipe\vanilla\VanillaRecipeManager.class
org\hikarii\customrecipes\gui\CommandEditorGUI$1.class
org\hikarii\customrecipes\gui\RecipeCreatorGUI.class
org\hikarii\customrecipes\gui\StationSelectorGUI.class
org\hikarii\customrecipes\listener\RecipeHidingListener.class
org\hikarii\customrecipes\recipe\RecipeWorldManager$WorldType.class
org\hikarii\customrecipes\recipe\RecipeWorldManager.class
org\hikarii\customrecipes\command\subcommands\ReloadSubcommand.class
org\hikarii\customrecipes\config\ConfigManager.class
org\hikarii\customrecipes\config\RecipeFileManager.class
org\hikarii\customrecipes\gui\CraftEventPresetEditorGUI.class
org\hikarii\customrecipes\gui\ConditionsSelectorGUI.class
org\hikarii\customrecipes\recipe\vanilla\VanillaRecipeInfo.class
org\hikarii\customrecipes\gui\FurnaceRecipeCreatorGUI.class
org\hikarii\customrecipes\gui\PlayerRecipeListGUI.class
org\hikarii\customrecipes\recipe\vanilla\VanillaRecipeInfo$RecipeStation.class
org\hikarii\customrecipes\gui\RandomResultsGUI.class
org\hikarii\customrecipes\gui\RandomResultsViewerGUI.class
org\hikarii\customrecipes\listener\RecipePreviewListener.class
org\hikarii\customrecipes\listener\RecipeCraftListener.class
org\hikarii\customrecipes\listener\NoPlaceBlockListener.class
org\hikarii\customrecipes\listener\RecipeAmountListener.class
org\hikarii\customrecipes\config\JsonRecipeFileManager.class
org\hikarii\customrecipes\gui\CraftEventPresetEditorGUI$1.class
org\hikarii\customrecipes\gui\FurnaceConditionsGUI.class
org\hikarii\customrecipes\command\subcommands\GuiSubcommand.class
org\hikarii\customrecipes\recipe\vanilla\VanillaRecipeManager$VanillaRecipeState.class
org\hikarii\customrecipes\language\LanguageManager.class
org\hikarii\customrecipes\gui\RecipeListGUI$RecipeFilter.class
org\hikarii\customrecipes\recipe\data\ShapelessRecipeData.class
org\hikarii\customrecipes\recipe\CraftEventPreset.class
org\hikarii\customrecipes\recipe\CraftEventPreset$SoundEvent.class
org\hikarii\customrecipes\gui\RecipeViewerGUI$1.class
org\hikarii\customrecipes\recipe\CraftTracker.class
org\hikarii\customrecipes\recipe\CraftEvents$CommandEvent.class
org\hikarii\customrecipes\recipe\RecipeManager$1.class
org\hikarii\customrecipes\gui\FlagsSelectorGUI.class
org\hikarii\customrecipes\config\ValidationException.class
org\hikarii\customrecipes\gui\PluginSettingsGUI.class
org\hikarii\customrecipes\gui\CraftEventsMenuGUI$1.class
org\hikarii\customrecipes\gui\VanillaRecipesGUI.class
org\hikarii\customrecipes\recipe\CraftTracker$CraftCounts.class
org\hikarii\customrecipes\gui\SmeltingConditionsGUI.class
org\hikarii\customrecipes\command\subcommands\ListSubcommand.class
org\hikarii\customrecipes\gui\CommandEditorGUI.class
org\hikarii\customrecipes\gui\SoundSelectorGUI.class
org\hikarii\customrecipes\recipe\CraftEventPresetManager.class
org\hikarii\customrecipes\recipe\data\FurnaceRecipeData$Builder.class
org\hikarii\customrecipes\gui\VanillaRecipeSearchResultsGUI.class
org\hikarii\customrecipes\update\UpdateNotifier.class
org\hikarii\customrecipes\config\RecipeFileManager$1.class
org\hikarii\customrecipes\gui\PlayerRecipeListGUI$RecipeCategory.class
org\hikarii\customrecipes\config\JsonRecipeFileManager$1.class
org\hikarii\customrecipes\recipe\CraftEventPreset$CommandEvent$CommandType.class
org\hikarii\customrecipes\gui\CraftEventsMenuGUI.class
org\hikarii\customrecipes\command\CustomRecipesCommand.class
org\hikarii\customrecipes\recipe\CraftEvents$CommandEvent$CommandType.class
org\hikarii\customrecipes\version\VersionManager.class
